Archive member included to satisfy reference by file (symbol)

.\CortexM0\ARM_GCC_541\Debug\shutter_controller_v2.a(start_pulse.o)
                              .\CortexM0\ARM_GCC_541\Debug\main.o (start_pulse_Start)
.\CortexM0\ARM_GCC_541\Debug\shutter_controller_v2.a(microsecond_clock.o)
                              .\CortexM0\ARM_GCC_541\Debug\main.o (microsecond_clock_Start)
.\CortexM0\ARM_GCC_541\Debug\shutter_controller_v2.a(CyLib.o)
                              .\CortexM0\ARM_GCC_541\Debug\cyfitter_cfg.o (CyIntEnable)
.\CortexM0\ARM_GCC_541\Debug\shutter_controller_v2.a(CyLFClk.o)
                              .\CortexM0\ARM_GCC_541\Debug\cyfitter_cfg.o (CySysWdtIsr)
.\CortexM0\ARM_GCC_541\Debug\shutter_controller_v2.a(Timer_1.o)
                              .\CortexM0\ARM_GCC_541\Debug\main.o (Timer_1_Start)
.\CortexM0\ARM_GCC_541\Debug\shutter_controller_v2.a(CyBootAsmGnu.o)
                              .\CortexM0\ARM_GCC_541\Debug\shutter_controller_v2.a(CyLib.o) (CyDelayCycles)
c:/program files (x86)/cypress/psoc creator/4.2/psoc creator/import/gnu/arm/5.4.1/bin/../lib/gcc/arm-none-eabi/5.4.1/armv6-m\libgcc.a(_udivsi3.o)
                              .\CortexM0\ARM_GCC_541\Debug\shutter_controller_v2.a(CyLib.o) (__aeabi_uidiv)
c:/program files (x86)/cypress/psoc creator/4.2/psoc creator/import/gnu/arm/5.4.1/bin/../lib/gcc/arm-none-eabi/5.4.1/armv6-m\libgcc.a(_dvmd_tls.o)
                              c:/program files (x86)/cypress/psoc creator/4.2/psoc creator/import/gnu/arm/5.4.1/bin/../lib/gcc/arm-none-eabi/5.4.1/armv6-m\libgcc.a(_udivsi3.o) (__aeabi_idiv0)
c:/program files (x86)/cypress/psoc creator/4.2/psoc creator/import/gnu/arm/5.4.1/bin/../lib/gcc/arm-none-eabi/5.4.1/../../../../arm-none-eabi/lib/armv6-m\libg_nano.a(lib_a-errno.o)
                              .\CortexM0\ARM_GCC_541\Debug\Cm0Start.o (__errno)
c:/program files (x86)/cypress/psoc creator/4.2/psoc creator/import/gnu/arm/5.4.1/bin/../lib/gcc/arm-none-eabi/5.4.1/../../../../arm-none-eabi/lib/armv6-m\libg_nano.a(lib_a-exit.o)
                              c:/program files (x86)/cypress/psoc creator/4.2/psoc creator/import/gnu/arm/5.4.1/bin/../lib/gcc/arm-none-eabi/5.4.1/../../../../arm-none-eabi/lib/armv6-m/crt0.o (exit)
c:/program files (x86)/cypress/psoc creator/4.2/psoc creator/import/gnu/arm/5.4.1/bin/../lib/gcc/arm-none-eabi/5.4.1/../../../../arm-none-eabi/lib/armv6-m\libg_nano.a(lib_a-impure.o)
                              c:/program files (x86)/cypress/psoc creator/4.2/psoc creator/import/gnu/arm/5.4.1/bin/../lib/gcc/arm-none-eabi/5.4.1/../../../../arm-none-eabi/lib/armv6-m\libg_nano.a(lib_a-exit.o) (_global_impure_ptr)
c:/program files (x86)/cypress/psoc creator/4.2/psoc creator/import/gnu/arm/5.4.1/bin/../lib/gcc/arm-none-eabi/5.4.1/../../../../arm-none-eabi/lib/armv6-m\libg_nano.a(lib_a-init.o)
                              c:/program files (x86)/cypress/psoc creator/4.2/psoc creator/import/gnu/arm/5.4.1/bin/../lib/gcc/arm-none-eabi/5.4.1/../../../../arm-none-eabi/lib/armv6-m/crt0.o (__libc_init_array)
c:/program files (x86)/cypress/psoc creator/4.2/psoc creator/import/gnu/arm/5.4.1/bin/../lib/gcc/arm-none-eabi/5.4.1/../../../../arm-none-eabi/lib/armv6-m\libg_nano.a(lib_a-memset.o)
                              c:/program files (x86)/cypress/psoc creator/4.2/psoc creator/import/gnu/arm/5.4.1/bin/../lib/gcc/arm-none-eabi/5.4.1/../../../../arm-none-eabi/lib/armv6-m/crt0.o (memset)

Discarded input sections

 .text          0x00000000        0x0 c:/program files (x86)/cypress/psoc creator/4.2/psoc creator/import/gnu/arm/5.4.1/bin/../lib/gcc/arm-none-eabi/5.4.1/armv6-m/crti.o
 .data          0x00000000        0x0 c:/program files (x86)/cypress/psoc creator/4.2/psoc creator/import/gnu/arm/5.4.1/bin/../lib/gcc/arm-none-eabi/5.4.1/armv6-m/crti.o
 .bss           0x00000000        0x0 c:/program files (x86)/cypress/psoc creator/4.2/psoc creator/import/gnu/arm/5.4.1/bin/../lib/gcc/arm-none-eabi/5.4.1/armv6-m/crti.o
 .data          0x00000000        0x4 c:/program files (x86)/cypress/psoc creator/4.2/psoc creator/import/gnu/arm/5.4.1/bin/../lib/gcc/arm-none-eabi/5.4.1/armv6-m/crtbegin.o
 .text          0x00000000       0x78 c:/program files (x86)/cypress/psoc creator/4.2/psoc creator/import/gnu/arm/5.4.1/bin/../lib/gcc/arm-none-eabi/5.4.1/../../../../arm-none-eabi/lib/armv6-m/crt0.o
 .data          0x00000000        0x0 c:/program files (x86)/cypress/psoc creator/4.2/psoc creator/import/gnu/arm/5.4.1/bin/../lib/gcc/arm-none-eabi/5.4.1/../../../../arm-none-eabi/lib/armv6-m/crt0.o
 .bss           0x00000000        0x0 c:/program files (x86)/cypress/psoc creator/4.2/psoc creator/import/gnu/arm/5.4.1/bin/../lib/gcc/arm-none-eabi/5.4.1/../../../../arm-none-eabi/lib/armv6-m/crt0.o
 .ARM.extab     0x00000000        0x0 c:/program files (x86)/cypress/psoc creator/4.2/psoc creator/import/gnu/arm/5.4.1/bin/../lib/gcc/arm-none-eabi/5.4.1/../../../../arm-none-eabi/lib/armv6-m/crt0.o
 .ARM.exidx     0x00000000        0x8 c:/program files (x86)/cypress/psoc creator/4.2/psoc creator/import/gnu/arm/5.4.1/bin/../lib/gcc/arm-none-eabi/5.4.1/../../../../arm-none-eabi/lib/armv6-m/crt0.o
 .text          0x00000000        0x0 .\CortexM0\ARM_GCC_541\Debug\main.o
 .data          0x00000000        0x0 .\CortexM0\ARM_GCC_541\Debug\main.o
 .bss           0x00000000        0x0 .\CortexM0\ARM_GCC_541\Debug\main.o
 .text          0x00000000        0x0 .\CortexM0\ARM_GCC_541\Debug\cyfitter_cfg.o
 .data          0x00000000        0x0 .\CortexM0\ARM_GCC_541\Debug\cyfitter_cfg.o
 .bss           0x00000000        0x0 .\CortexM0\ARM_GCC_541\Debug\cyfitter_cfg.o
 .text          0x00000000        0x0 .\CortexM0\ARM_GCC_541\Debug\cymetadata.o
 .data          0x00000000        0x0 .\CortexM0\ARM_GCC_541\Debug\cymetadata.o
 .bss           0x00000000        0x0 .\CortexM0\ARM_GCC_541\Debug\cymetadata.o
 .text          0x00000000        0x0 .\CortexM0\ARM_GCC_541\Debug\Cm0Start.o
 .data          0x00000000        0x4 .\CortexM0\ARM_GCC_541\Debug\Cm0Start.o
 .bss           0x00000000        0x0 .\CortexM0\ARM_GCC_541\Debug\Cm0Start.o
 .text._exit    0x00000000        0xc .\CortexM0\ARM_GCC_541\Debug\Cm0Start.o
 .text._sbrk    0x00000000       0x30 .\CortexM0\ARM_GCC_541\Debug\Cm0Start.o
 .text          0x00000000        0x0 .\CortexM0\ARM_GCC_541\Debug\cybootloader.o
 .data          0x00000000        0x0 .\CortexM0\ARM_GCC_541\Debug\cybootloader.o
 .bss           0x00000000        0x0 .\CortexM0\ARM_GCC_541\Debug\cybootloader.o
 .text          0x00000000        0x0 .\CortexM0\ARM_GCC_541\Debug\shutter_controller_v2.a(start_pulse.o)
 .data          0x00000000        0x0 .\CortexM0\ARM_GCC_541\Debug\shutter_controller_v2.a(start_pulse.o)
 .text.start_pulse_Enable
                0x00000000        0x4 .\CortexM0\ARM_GCC_541\Debug\shutter_controller_v2.a(start_pulse.o)
 .text.start_pulse_Stop
                0x00000000        0x4 .\CortexM0\ARM_GCC_541\Debug\shutter_controller_v2.a(start_pulse.o)
 .text.start_pulse_ReadCounter
                0x00000000       0x14 .\CortexM0\ARM_GCC_541\Debug\shutter_controller_v2.a(start_pulse.o)
 .text.start_pulse_ReadCompare
                0x00000000        0xc .\CortexM0\ARM_GCC_541\Debug\shutter_controller_v2.a(start_pulse.o)
 .text.start_pulse_ReadPeriod
                0x00000000        0xc .\CortexM0\ARM_GCC_541\Debug\shutter_controller_v2.a(start_pulse.o)
 .text          0x00000000        0x0 .\CortexM0\ARM_GCC_541\Debug\shutter_controller_v2.a(microsecond_clock.o)
 .data          0x00000000        0x0 .\CortexM0\ARM_GCC_541\Debug\shutter_controller_v2.a(microsecond_clock.o)
 .bss           0x00000000        0x0 .\CortexM0\ARM_GCC_541\Debug\shutter_controller_v2.a(microsecond_clock.o)
 .text.microsecond_clock_Stop
                0x00000000       0x10 .\CortexM0\ARM_GCC_541\Debug\shutter_controller_v2.a(microsecond_clock.o)
 .text.microsecond_clock_SetFractionalDividerRegister
                0x00000000       0x14 .\CortexM0\ARM_GCC_541\Debug\shutter_controller_v2.a(microsecond_clock.o)
 .text.microsecond_clock_GetDividerRegister
                0x00000000        0xc .\CortexM0\ARM_GCC_541\Debug\shutter_controller_v2.a(microsecond_clock.o)
 .text.microsecond_clock_GetFractionalDividerRegister
                0x00000000        0x4 .\CortexM0\ARM_GCC_541\Debug\shutter_controller_v2.a(microsecond_clock.o)
 .text          0x00000000        0x0 .\CortexM0\ARM_GCC_541\Debug\shutter_controller_v2.a(CyLib.o)
 .bss           0x00000000       0x18 .\CortexM0\ARM_GCC_541\Debug\shutter_controller_v2.a(CyLib.o)
 .text.CySysClkImoStart
                0x00000000       0x14 .\CortexM0\ARM_GCC_541\Debug\shutter_controller_v2.a(CyLib.o)
 .text.CySysClkImoStop
                0x00000000       0x10 .\CortexM0\ARM_GCC_541\Debug\shutter_controller_v2.a(CyLib.o)
 .text.CySysClkWriteHfclkDirect
                0x00000000       0x20 .\CortexM0\ARM_GCC_541\Debug\shutter_controller_v2.a(CyLib.o)
 .text.CySysEnablePumpClock
                0x00000000       0x38 .\CortexM0\ARM_GCC_541\Debug\shutter_controller_v2.a(CyLib.o)
 .text.CySysClkGetSysclkSource
                0x00000000       0x1c .\CortexM0\ARM_GCC_541\Debug\shutter_controller_v2.a(CyLib.o)
 .text.CySysClkWriteSysclkDiv
                0x00000000       0x30 .\CortexM0\ARM_GCC_541\Debug\shutter_controller_v2.a(CyLib.o)
 .text.CySysLvdDisable
                0x00000000       0x20 .\CortexM0\ARM_GCC_541\Debug\shutter_controller_v2.a(CyLib.o)
 .text.CySysLvdGetInterruptSource
                0x00000000       0x10 .\CortexM0\ARM_GCC_541\Debug\shutter_controller_v2.a(CyLib.o)
 .text.CySysLvdClearInterrupt
                0x00000000        0xc .\CortexM0\ARM_GCC_541\Debug\shutter_controller_v2.a(CyLib.o)
 .text.CySysGetResetReason
                0x00000000       0x14 .\CortexM0\ARM_GCC_541\Debug\shutter_controller_v2.a(CyLib.o)
 .text.CyDisableInts
                0x00000000       0x10 .\CortexM0\ARM_GCC_541\Debug\shutter_controller_v2.a(CyLib.o)
 .text.CyEnableInts
                0x00000000        0xc .\CortexM0\ARM_GCC_541\Debug\shutter_controller_v2.a(CyLib.o)
 .text.CyIntGetState
                0x00000000       0x18 .\CortexM0\ARM_GCC_541\Debug\shutter_controller_v2.a(CyLib.o)
 .text.CyIntDisable
                0x00000000       0x14 .\CortexM0\ARM_GCC_541\Debug\shutter_controller_v2.a(CyLib.o)
 .text.CyIntSetPending
                0x00000000       0x14 .\CortexM0\ARM_GCC_541\Debug\shutter_controller_v2.a(CyLib.o)
 .text.CyIntClearPending
                0x00000000       0x14 .\CortexM0\ARM_GCC_541\Debug\shutter_controller_v2.a(CyLib.o)
 .text.CyIntSetSysVector
                0x00000000       0x20 .\CortexM0\ARM_GCC_541\Debug\shutter_controller_v2.a(CyLib.o)
 .text.CyIntGetSysVector
                0x00000000       0x1c .\CortexM0\ARM_GCC_541\Debug\shutter_controller_v2.a(CyLib.o)
 .text.CyIntGetVector
                0x00000000       0x20 .\CortexM0\ARM_GCC_541\Debug\shutter_controller_v2.a(CyLib.o)
 .text.CyIntSetPriority
                0x00000000       0x4c .\CortexM0\ARM_GCC_541\Debug\shutter_controller_v2.a(CyLib.o)
 .text.CyIntGetPriority
                0x00000000       0x2c .\CortexM0\ARM_GCC_541\Debug\shutter_controller_v2.a(CyLib.o)
 .text.CySoftwareReset
                0x00000000       0x18 .\CortexM0\ARM_GCC_541\Debug\shutter_controller_v2.a(CyLib.o)
 .text.CyDelay  0x00000000       0x30 .\CortexM0\ARM_GCC_541\Debug\shutter_controller_v2.a(CyLib.o)
 .text.CySysLvdEnable
                0x00000000       0x44 .\CortexM0\ARM_GCC_541\Debug\shutter_controller_v2.a(CyLib.o)
 .text.CyDelayFreq
                0x00000000       0x4c .\CortexM0\ARM_GCC_541\Debug\shutter_controller_v2.a(CyLib.o)
 .text.CySysTickStop
                0x00000000       0x10 .\CortexM0\ARM_GCC_541\Debug\shutter_controller_v2.a(CyLib.o)
 .text.CySysTickEnableInterrupt
                0x00000000       0x10 .\CortexM0\ARM_GCC_541\Debug\shutter_controller_v2.a(CyLib.o)
 .text.CySysTickEnable
                0x00000000       0x18 .\CortexM0\ARM_GCC_541\Debug\shutter_controller_v2.a(CyLib.o)
 .text.CySysTickDisableInterrupt
                0x00000000       0x10 .\CortexM0\ARM_GCC_541\Debug\shutter_controller_v2.a(CyLib.o)
 .text.CySysTickSetReload
                0x00000000       0x10 .\CortexM0\ARM_GCC_541\Debug\shutter_controller_v2.a(CyLib.o)
 .text.CySysTickGetReload
                0x00000000       0x10 .\CortexM0\ARM_GCC_541\Debug\shutter_controller_v2.a(CyLib.o)
 .text.CySysTickGetValue
                0x00000000       0x10 .\CortexM0\ARM_GCC_541\Debug\shutter_controller_v2.a(CyLib.o)
 .text.CySysTickGetCountFlag
                0x00000000       0x10 .\CortexM0\ARM_GCC_541\Debug\shutter_controller_v2.a(CyLib.o)
 .text.CySysTickServiceCallbacks
                0x00000000       0x28 .\CortexM0\ARM_GCC_541\Debug\shutter_controller_v2.a(CyLib.o)
 .text.CySysTickClear
                0x00000000        0xc .\CortexM0\ARM_GCC_541\Debug\shutter_controller_v2.a(CyLib.o)
 .text.CySysTickInit
                0x00000000       0x40 .\CortexM0\ARM_GCC_541\Debug\shutter_controller_v2.a(CyLib.o)
 .text.CySysTickStart
                0x00000000       0x20 .\CortexM0\ARM_GCC_541\Debug\shutter_controller_v2.a(CyLib.o)
 .text.CySysTickSetCallback
                0x00000000       0x10 .\CortexM0\ARM_GCC_541\Debug\shutter_controller_v2.a(CyLib.o)
 .text.CySysTickGetCallback
                0x00000000        0xc .\CortexM0\ARM_GCC_541\Debug\shutter_controller_v2.a(CyLib.o)
 .text.CyGetUniqueId
                0x00000000       0x70 .\CortexM0\ARM_GCC_541\Debug\shutter_controller_v2.a(CyLib.o)
 .text          0x00000000        0x0 .\CortexM0\ARM_GCC_541\Debug\shutter_controller_v2.a(CyLFClk.o)
 .text.CySysClkIloEnabled
                0x00000000       0x14 .\CortexM0\ARM_GCC_541\Debug\shutter_controller_v2.a(CyLFClk.o)
 .text.CySysClkIloStart
                0x00000000       0x14 .\CortexM0\ARM_GCC_541\Debug\shutter_controller_v2.a(CyLFClk.o)
 .text.CySysClkIloStartMeasurement
                0x00000000       0x34 .\CortexM0\ARM_GCC_541\Debug\shutter_controller_v2.a(CyLFClk.o)
 .text.CySysClkIloStopMeasurement
                0x00000000       0x14 .\CortexM0\ARM_GCC_541\Debug\shutter_controller_v2.a(CyLFClk.o)
 .text.CySysClkIloCompensate
                0x00000000      0x104 .\CortexM0\ARM_GCC_541\Debug\shutter_controller_v2.a(CyLFClk.o)
 .text.CySysWdtGetEnabledStatus
                0x00000000       0x24 .\CortexM0\ARM_GCC_541\Debug\shutter_controller_v2.a(CyLFClk.o)
 .text.CySysWdtSetMode
                0x00000000       0x38 .\CortexM0\ARM_GCC_541\Debug\shutter_controller_v2.a(CyLFClk.o)
 .text.CySysClkLfclkPosedgeRestore
                0x00000000       0x2c .\CortexM0\ARM_GCC_541\Debug\shutter_controller_v2.a(CyLFClk.o)
 .text.CySysWdtGetMode
                0x00000000       0x14 .\CortexM0\ARM_GCC_541\Debug\shutter_controller_v2.a(CyLFClk.o)
 .text.CySysWdtSetClearOnMatch
                0x00000000       0x34 .\CortexM0\ARM_GCC_541\Debug\shutter_controller_v2.a(CyLFClk.o)
 .text.CySysWdtGetClearOnMatch
                0x00000000       0x24 .\CortexM0\ARM_GCC_541\Debug\shutter_controller_v2.a(CyLFClk.o)
 .text.CySysWdtEnable
                0x00000000       0x40 .\CortexM0\ARM_GCC_541\Debug\shutter_controller_v2.a(CyLFClk.o)
 .text.CySysWdtDisable
                0x00000000       0x44 .\CortexM0\ARM_GCC_541\Debug\shutter_controller_v2.a(CyLFClk.o)
 .text.CySysWdtSetCascade
                0x00000000       0x34 .\CortexM0\ARM_GCC_541\Debug\shutter_controller_v2.a(CyLFClk.o)
 .text.CySysWdtGetCascade
                0x00000000       0x14 .\CortexM0\ARM_GCC_541\Debug\shutter_controller_v2.a(CyLFClk.o)
 .text.CySysWdtSetMatch
                0x00000000       0x38 .\CortexM0\ARM_GCC_541\Debug\shutter_controller_v2.a(CyLFClk.o)
 .text.CySysWdtSetToggleBit
                0x00000000       0x30 .\CortexM0\ARM_GCC_541\Debug\shutter_controller_v2.a(CyLFClk.o)
 .text.CySysWdtGetToggleBit
                0x00000000       0x10 .\CortexM0\ARM_GCC_541\Debug\shutter_controller_v2.a(CyLFClk.o)
 .text.CySysWdtGetMatch
                0x00000000       0x20 .\CortexM0\ARM_GCC_541\Debug\shutter_controller_v2.a(CyLFClk.o)
 .text.CySysWdtGetCount
                0x00000000       0x3c .\CortexM0\ARM_GCC_541\Debug\shutter_controller_v2.a(CyLFClk.o)
 .text.CySysClkLfclkPosedgeCatch
                0x00000000       0x74 .\CortexM0\ARM_GCC_541\Debug\shutter_controller_v2.a(CyLFClk.o)
 .text.CySysClkIloStop
                0x00000000       0x38 .\CortexM0\ARM_GCC_541\Debug\shutter_controller_v2.a(CyLFClk.o)
 .text.CySysWdtGetInterruptSource
                0x00000000       0x14 .\CortexM0\ARM_GCC_541\Debug\shutter_controller_v2.a(CyLFClk.o)
 .text.CySysWdtResetCounters
                0x00000000       0x20 .\CortexM0\ARM_GCC_541\Debug\shutter_controller_v2.a(CyLFClk.o)
 .text.CySysWdtSetInterruptCallback
                0x00000000       0x20 .\CortexM0\ARM_GCC_541\Debug\shutter_controller_v2.a(CyLFClk.o)
 .text.CySysWdtGetInterruptCallback
                0x00000000       0x20 .\CortexM0\ARM_GCC_541\Debug\shutter_controller_v2.a(CyLFClk.o)
 .text.CySysWdtEnableCounterIsr
                0x00000000       0x34 .\CortexM0\ARM_GCC_541\Debug\shutter_controller_v2.a(CyLFClk.o)
 .text.CySysWdtDisableCounterIsr
                0x00000000       0x28 .\CortexM0\ARM_GCC_541\Debug\shutter_controller_v2.a(CyLFClk.o)
 .text.CySysWatchdogFeed
                0x00000000       0x60 .\CortexM0\ARM_GCC_541\Debug\shutter_controller_v2.a(CyLFClk.o)
 .text.CySysTimerDelayUntilMatch
                0x00000000       0x6c .\CortexM0\ARM_GCC_541\Debug\shutter_controller_v2.a(CyLFClk.o)
 .text.CySysTimerDelay
                0x00000000       0x3c .\CortexM0\ARM_GCC_541\Debug\shutter_controller_v2.a(CyLFClk.o)
 .rodata        0x00000000        0xc .\CortexM0\ARM_GCC_541\Debug\shutter_controller_v2.a(CyLFClk.o)
 .text          0x00000000        0x0 .\CortexM0\ARM_GCC_541\Debug\shutter_controller_v2.a(Timer_1.o)
 .data          0x00000000        0x0 .\CortexM0\ARM_GCC_541\Debug\shutter_controller_v2.a(Timer_1.o)
 .text.Timer_1_Enable
                0x00000000        0x4 .\CortexM0\ARM_GCC_541\Debug\shutter_controller_v2.a(Timer_1.o)
 .text.Timer_1_Stop
                0x00000000        0x4 .\CortexM0\ARM_GCC_541\Debug\shutter_controller_v2.a(Timer_1.o)
 .text.Timer_1_SoftwareCapture
                0x00000000        0xc .\CortexM0\ARM_GCC_541\Debug\shutter_controller_v2.a(Timer_1.o)
 .text.Timer_1_ReadPeriod
                0x00000000        0xc .\CortexM0\ARM_GCC_541\Debug\shutter_controller_v2.a(Timer_1.o)
 .text.Timer_1_ReadCounter
                0x00000000       0x14 .\CortexM0\ARM_GCC_541\Debug\shutter_controller_v2.a(Timer_1.o)
 .data          0x00000000        0x0 .\CortexM0\ARM_GCC_541\Debug\shutter_controller_v2.a(CyBootAsmGnu.o)
 .bss           0x00000000        0x0 .\CortexM0\ARM_GCC_541\Debug\shutter_controller_v2.a(CyBootAsmGnu.o)
 .text          0x00000000      0x114 c:/program files (x86)/cypress/psoc creator/4.2/psoc creator/import/gnu/arm/5.4.1/bin/../lib/gcc/arm-none-eabi/5.4.1/armv6-m\libgcc.a(_udivsi3.o)
 .data          0x00000000        0x0 c:/program files (x86)/cypress/psoc creator/4.2/psoc creator/import/gnu/arm/5.4.1/bin/../lib/gcc/arm-none-eabi/5.4.1/armv6-m\libgcc.a(_udivsi3.o)
 .bss           0x00000000        0x0 c:/program files (x86)/cypress/psoc creator/4.2/psoc creator/import/gnu/arm/5.4.1/bin/../lib/gcc/arm-none-eabi/5.4.1/armv6-m\libgcc.a(_udivsi3.o)
 .text          0x00000000        0x4 c:/program files (x86)/cypress/psoc creator/4.2/psoc creator/import/gnu/arm/5.4.1/bin/../lib/gcc/arm-none-eabi/5.4.1/armv6-m\libgcc.a(_dvmd_tls.o)
 .data          0x00000000        0x0 c:/program files (x86)/cypress/psoc creator/4.2/psoc creator/import/gnu/arm/5.4.1/bin/../lib/gcc/arm-none-eabi/5.4.1/armv6-m\libgcc.a(_dvmd_tls.o)
 .bss           0x00000000        0x0 c:/program files (x86)/cypress/psoc creator/4.2/psoc creator/import/gnu/arm/5.4.1/bin/../lib/gcc/arm-none-eabi/5.4.1/armv6-m\libgcc.a(_dvmd_tls.o)
 .text          0x00000000        0x0 c:/program files (x86)/cypress/psoc creator/4.2/psoc creator/import/gnu/arm/5.4.1/bin/../lib/gcc/arm-none-eabi/5.4.1/../../../../arm-none-eabi/lib/armv6-m\libg_nano.a(lib_a-errno.o)
 .data          0x00000000        0x0 c:/program files (x86)/cypress/psoc creator/4.2/psoc creator/import/gnu/arm/5.4.1/bin/../lib/gcc/arm-none-eabi/5.4.1/../../../../arm-none-eabi/lib/armv6-m\libg_nano.a(lib_a-errno.o)
 .bss           0x00000000        0x0 c:/program files (x86)/cypress/psoc creator/4.2/psoc creator/import/gnu/arm/5.4.1/bin/../lib/gcc/arm-none-eabi/5.4.1/../../../../arm-none-eabi/lib/armv6-m\libg_nano.a(lib_a-errno.o)
 .text          0x00000000        0x0 c:/program files (x86)/cypress/psoc creator/4.2/psoc creator/import/gnu/arm/5.4.1/bin/../lib/gcc/arm-none-eabi/5.4.1/../../../../arm-none-eabi/lib/armv6-m\libg_nano.a(lib_a-exit.o)
 .data          0x00000000        0x0 c:/program files (x86)/cypress/psoc creator/4.2/psoc creator/import/gnu/arm/5.4.1/bin/../lib/gcc/arm-none-eabi/5.4.1/../../../../arm-none-eabi/lib/armv6-m\libg_nano.a(lib_a-exit.o)
 .bss           0x00000000        0x0 c:/program files (x86)/cypress/psoc creator/4.2/psoc creator/import/gnu/arm/5.4.1/bin/../lib/gcc/arm-none-eabi/5.4.1/../../../../arm-none-eabi/lib/armv6-m\libg_nano.a(lib_a-exit.o)
 .text.exit     0x00000000       0x2c c:/program files (x86)/cypress/psoc creator/4.2/psoc creator/import/gnu/arm/5.4.1/bin/../lib/gcc/arm-none-eabi/5.4.1/../../../../arm-none-eabi/lib/armv6-m\libg_nano.a(lib_a-exit.o)
 .text          0x00000000        0x0 c:/program files (x86)/cypress/psoc creator/4.2/psoc creator/import/gnu/arm/5.4.1/bin/../lib/gcc/arm-none-eabi/5.4.1/../../../../arm-none-eabi/lib/armv6-m\libg_nano.a(lib_a-impure.o)
 .data          0x00000000        0x0 c:/program files (x86)/cypress/psoc creator/4.2/psoc creator/import/gnu/arm/5.4.1/bin/../lib/gcc/arm-none-eabi/5.4.1/../../../../arm-none-eabi/lib/armv6-m\libg_nano.a(lib_a-impure.o)
 .bss           0x00000000        0x0 c:/program files (x86)/cypress/psoc creator/4.2/psoc creator/import/gnu/arm/5.4.1/bin/../lib/gcc/arm-none-eabi/5.4.1/../../../../arm-none-eabi/lib/armv6-m\libg_nano.a(lib_a-impure.o)
 .rodata._global_impure_ptr
                0x00000000        0x4 c:/program files (x86)/cypress/psoc creator/4.2/psoc creator/import/gnu/arm/5.4.1/bin/../lib/gcc/arm-none-eabi/5.4.1/../../../../arm-none-eabi/lib/armv6-m\libg_nano.a(lib_a-impure.o)
 .text          0x00000000        0x0 c:/program files (x86)/cypress/psoc creator/4.2/psoc creator/import/gnu/arm/5.4.1/bin/../lib/gcc/arm-none-eabi/5.4.1/../../../../arm-none-eabi/lib/armv6-m\libg_nano.a(lib_a-init.o)
 .data          0x00000000        0x0 c:/program files (x86)/cypress/psoc creator/4.2/psoc creator/import/gnu/arm/5.4.1/bin/../lib/gcc/arm-none-eabi/5.4.1/../../../../arm-none-eabi/lib/armv6-m\libg_nano.a(lib_a-init.o)
 .bss           0x00000000        0x0 c:/program files (x86)/cypress/psoc creator/4.2/psoc creator/import/gnu/arm/5.4.1/bin/../lib/gcc/arm-none-eabi/5.4.1/../../../../arm-none-eabi/lib/armv6-m\libg_nano.a(lib_a-init.o)
 .text          0x00000000        0x0 c:/program files (x86)/cypress/psoc creator/4.2/psoc creator/import/gnu/arm/5.4.1/bin/../lib/gcc/arm-none-eabi/5.4.1/../../../../arm-none-eabi/lib/armv6-m\libg_nano.a(lib_a-memset.o)
 .data          0x00000000        0x0 c:/program files (x86)/cypress/psoc creator/4.2/psoc creator/import/gnu/arm/5.4.1/bin/../lib/gcc/arm-none-eabi/5.4.1/../../../../arm-none-eabi/lib/armv6-m\libg_nano.a(lib_a-memset.o)
 .bss           0x00000000        0x0 c:/program files (x86)/cypress/psoc creator/4.2/psoc creator/import/gnu/arm/5.4.1/bin/../lib/gcc/arm-none-eabi/5.4.1/../../../../arm-none-eabi/lib/armv6-m\libg_nano.a(lib_a-memset.o)
 .text          0x00000000        0x0 c:/program files (x86)/cypress/psoc creator/4.2/psoc creator/import/gnu/arm/5.4.1/bin/../lib/gcc/arm-none-eabi/5.4.1/armv6-m/crtend.o
 .data          0x00000000        0x0 c:/program files (x86)/cypress/psoc creator/4.2/psoc creator/import/gnu/arm/5.4.1/bin/../lib/gcc/arm-none-eabi/5.4.1/armv6-m/crtend.o
 .bss           0x00000000        0x0 c:/program files (x86)/cypress/psoc creator/4.2/psoc creator/import/gnu/arm/5.4.1/bin/../lib/gcc/arm-none-eabi/5.4.1/armv6-m/crtend.o
 .text          0x00000000        0x0 c:/program files (x86)/cypress/psoc creator/4.2/psoc creator/import/gnu/arm/5.4.1/bin/../lib/gcc/arm-none-eabi/5.4.1/armv6-m/crtn.o
 .data          0x00000000        0x0 c:/program files (x86)/cypress/psoc creator/4.2/psoc creator/import/gnu/arm/5.4.1/bin/../lib/gcc/arm-none-eabi/5.4.1/armv6-m/crtn.o
 .bss           0x00000000        0x0 c:/program files (x86)/cypress/psoc creator/4.2/psoc creator/import/gnu/arm/5.4.1/bin/../lib/gcc/arm-none-eabi/5.4.1/armv6-m/crtn.o

Memory Configuration

Name             Origin             Length             Attributes
rom              0x00000000         0x00008000         xr
ram              0x20000000         0x00001000         xrw
*default*        0x00000000         0xffffffff

Linker script and memory map

LOAD c:/program files (x86)/cypress/psoc creator/4.2/psoc creator/import/gnu/arm/5.4.1/bin/../lib/gcc/arm-none-eabi/5.4.1/armv6-m/crti.o
LOAD c:/program files (x86)/cypress/psoc creator/4.2/psoc creator/import/gnu/arm/5.4.1/bin/../lib/gcc/arm-none-eabi/5.4.1/armv6-m/crtbegin.o
LOAD c:/program files (x86)/cypress/psoc creator/4.2/psoc creator/import/gnu/arm/5.4.1/bin/../lib/gcc/arm-none-eabi/5.4.1/../../../../arm-none-eabi/lib/armv6-m/crt0.o
START GROUP
LOAD .\CortexM0\ARM_GCC_541\Debug\main.o
LOAD .\CortexM0\ARM_GCC_541\Debug\cyfitter_cfg.o
LOAD .\CortexM0\ARM_GCC_541\Debug\cymetadata.o
LOAD .\CortexM0\ARM_GCC_541\Debug\Cm0Start.o
LOAD .\CortexM0\ARM_GCC_541\Debug\cybootloader.o
LOAD .\CortexM0\ARM_GCC_541\Debug\shutter_controller_v2.a
END GROUP
START GROUP
LOAD c:/program files (x86)/cypress/psoc creator/4.2/psoc creator/import/gnu/arm/5.4.1/bin/../lib/gcc/arm-none-eabi/5.4.1/armv6-m\libgcc.a
LOAD c:/program files (x86)/cypress/psoc creator/4.2/psoc creator/import/gnu/arm/5.4.1/bin/../lib/gcc/arm-none-eabi/5.4.1/../../../../arm-none-eabi/lib/armv6-m\libg_nano.a
LOAD c:/program files (x86)/cypress/psoc creator/4.2/psoc creator/import/gnu/arm/5.4.1/bin/../lib/gcc/arm-none-eabi/5.4.1/../../../../arm-none-eabi/lib/armv6-m\libc_nano.a
END GROUP
START GROUP
LOAD c:/program files (x86)/cypress/psoc creator/4.2/psoc creator/import/gnu/arm/5.4.1/bin/../lib/gcc/arm-none-eabi/5.4.1/armv6-m\libgcc.a
LOAD c:/program files (x86)/cypress/psoc creator/4.2/psoc creator/import/gnu/arm/5.4.1/bin/../lib/gcc/arm-none-eabi/5.4.1/../../../../arm-none-eabi/lib/armv6-m\libc_nano.a
END GROUP
LOAD c:/program files (x86)/cypress/psoc creator/4.2/psoc creator/import/gnu/arm/5.4.1/bin/../lib/gcc/arm-none-eabi/5.4.1/armv6-m/crtend.o
LOAD c:/program files (x86)/cypress/psoc creator/4.2/psoc creator/import/gnu/arm/5.4.1/bin/../lib/gcc/arm-none-eabi/5.4.1/armv6-m/crtn.o
START GROUP
LOAD c:/program files (x86)/cypress/psoc creator/4.2/psoc creator/import/gnu/arm/5.4.1/bin/../lib/gcc/arm-none-eabi/5.4.1/armv6-m\libgcc.a
LOAD c:/program files (x86)/cypress/psoc creator/4.2/psoc creator/import/gnu/arm/5.4.1/bin/../lib/gcc/arm-none-eabi/5.4.1/../../../../arm-none-eabi/lib/armv6-m\libc.a
LOAD c:/program files (x86)/cypress/psoc creator/4.2/psoc creator/import/gnu/arm/5.4.1/bin/../lib/gcc/arm-none-eabi/5.4.1/../../../../arm-none-eabi/lib/armv6-m\libnosys.a
END GROUP
                0x00000000                CY_APPL_ORIGIN = 0x0
                0x00000080                CY_FLASH_ROW_SIZE = 0x80
                0x00000001                CY_APPL_NUM = 0x1
                0x00000001                CY_APPL_MAX = 0x1
                0x00000040                CY_METADATA_SIZE = 0x40
                0x00000001                CY_APPL_LOADABLE = 0x1
                0x00000000                CY_CHECKSUM_EXCLUDE_SIZE = ALIGN (0x0, CY_FLASH_ROW_SIZE)
                0x00000000                CY_APP_FOR_STACK_AND_COPIER = 0x0
                [!provide]                PROVIDE (__cy_heap_start, _end)
                0x00000001                PROVIDE (__cy_region_num, ((__cy_regions_end - __cy_regions) / 0x10))
                0x20001000                PROVIDE (__cy_stack, (ORIGIN (ram) + LENGTH (ram)))
                [!provide]                PROVIDE (__cy_heap_end, (__cy_stack - 0x400))

.cybootloader   0x00000000     0x4600
 *(.cybootloader)
 .cybootloader  0x00000000     0x4600 .\CortexM0\ARM_GCC_541\Debug\cybootloader.o
                0x00000000                cy_bootloader
                0x00004600                appl1_start = CY_APPL_ORIGIN?CY_APPL_ORIGIN:ALIGN (CY_FLASH_ROW_SIZE)
                0x00006280                appl2_start = (appl1_start + ALIGN ((((LENGTH (rom) - appl1_start) - (0x2 * CY_FLASH_ROW_SIZE)) / 0x2), CY_FLASH_ROW_SIZE))
                0x00004600                appl_start = (CY_APPL_NUM == 0x1)?appl1_start:appl2_start
                0x00000000                cy_project_type_bootloader = (appl_start == 0x0)?0x1:0x0
                0x00000000                cy_project_type_app_for_stack_and_copier = (CY_APP_FOR_STACK_AND_COPIER == 0x1)?0x1:0x0

.text           0x00004600      0x84c
 CREATE_OBJECT_SYMBOLS
                0x00004600                PROVIDE (__cy_interrupt_vector, RomVectors)
 *(.romvectors)
 .romvectors    0x00004600       0x10 .\CortexM0\ARM_GCC_541\Debug\Cm0Start.o
                0x00004600                RomVectors
                0x00000001                ASSERT ((. != __cy_interrupt_vector), No interrupt vector)
                0x00000001                ASSERT (CY_APPL_ORIGIN?(SIZEOF (.cybootloader) <= CY_APPL_ORIGIN):0x1, Wrong image location)
                0x00004610                PROVIDE (__cy_reset, Reset)
 *(.text.Reset)
 .text.Reset    0x00004610       0x10 .\CortexM0\ARM_GCC_541\Debug\Cm0Start.o
                0x00004610                Reset
                0x00000001                ASSERT ((. != __cy_reset), No reset code)
 *(.psocinit)
 .psocinit      0x00004620      0x1b4 .\CortexM0\ARM_GCC_541\Debug\cyfitter_cfg.o
                0x000046a8                cyfitter_cfg
                0x000047d4                . = MAX (., 0x100)
 *(.text .text.* .gnu.linkonce.t.*)
 .text          0x000047d4       0x60 c:/program files (x86)/cypress/psoc creator/4.2/psoc creator/import/gnu/arm/5.4.1/bin/../lib/gcc/arm-none-eabi/5.4.1/armv6-m/crtbegin.o
 .text.main     0x00004834       0x14 .\CortexM0\ARM_GCC_541\Debug\main.o
                0x00004834                main
 .text.cfg_write_bytes32
                0x00004848       0x34 .\CortexM0\ARM_GCC_541\Debug\cyfitter_cfg.o
 .text.CYMEMZERO
                0x0000487c        0xc .\CortexM0\ARM_GCC_541\Debug\cyfitter_cfg.o
 .text.IntDefaultHandler
                0x00004888       0x10 .\CortexM0\ARM_GCC_541\Debug\Cm0Start.o
                0x00004888                IntDefaultHandler
 .text.Start_c  0x00004898       0x48 .\CortexM0\ARM_GCC_541\Debug\Cm0Start.o
                0x00004898                Start_c
 .text.initialize_psoc
                0x000048e0       0x50 .\CortexM0\ARM_GCC_541\Debug\Cm0Start.o
                0x000048e0                initialize_psoc
 .text.start_pulse_WriteCounter
                0x00004930        0xc .\CortexM0\ARM_GCC_541\Debug\shutter_controller_v2.a(start_pulse.o)
                0x00004930                start_pulse_WriteCounter
 .text.start_pulse_WritePeriod
                0x0000493c        0xc .\CortexM0\ARM_GCC_541\Debug\shutter_controller_v2.a(start_pulse.o)
                0x0000493c                start_pulse_WritePeriod
 .text.start_pulse_WriteCompare
                0x00004948        0xc .\CortexM0\ARM_GCC_541\Debug\shutter_controller_v2.a(start_pulse.o)
                0x00004948                start_pulse_WriteCompare
 .text.start_pulse_SetInterruptMode
                0x00004954        0xc .\CortexM0\ARM_GCC_541\Debug\shutter_controller_v2.a(start_pulse.o)
                0x00004954                start_pulse_SetInterruptMode
 .text.start_pulse_ReadStatusRegister
                0x00004960        0xc .\CortexM0\ARM_GCC_541\Debug\shutter_controller_v2.a(start_pulse.o)
                0x00004960                start_pulse_ReadStatusRegister
 .text.start_pulse_ReadCapture
                0x0000496c        0xc .\CortexM0\ARM_GCC_541\Debug\shutter_controller_v2.a(start_pulse.o)
                0x0000496c                start_pulse_ReadCapture
 .text.start_pulse_ClearFIFO
                0x00004978       0x14 .\CortexM0\ARM_GCC_541\Debug\shutter_controller_v2.a(start_pulse.o)
                0x00004978                start_pulse_ClearFIFO
 .text.start_pulse_Init
                0x0000498c       0x5c .\CortexM0\ARM_GCC_541\Debug\shutter_controller_v2.a(start_pulse.o)
                0x0000498c                start_pulse_Init
 .text.start_pulse_Start
                0x000049e8       0x1c .\CortexM0\ARM_GCC_541\Debug\shutter_controller_v2.a(start_pulse.o)
                0x000049e8                start_pulse_Start
 .text.microsecond_clock_Start
                0x00004a04       0x14 .\CortexM0\ARM_GCC_541\Debug\shutter_controller_v2.a(microsecond_clock.o)
                0x00004a04                microsecond_clock_Start
 .text.CyIntEnable
                0x00004a18       0x14 .\CortexM0\ARM_GCC_541\Debug\shutter_controller_v2.a(CyLib.o)
                0x00004a18                CyIntEnable
 .text.CyHalt   0x00004a2c        0x4 .\CortexM0\ARM_GCC_541\Debug\shutter_controller_v2.a(CyLib.o)
                0x00004a2c                CyHalt
 .text.CyIntSetVector
                0x00004a30       0x24 .\CortexM0\ARM_GCC_541\Debug\shutter_controller_v2.a(CyLib.o)
                0x00004a30                CyIntSetVector
 .text.CyDelayUs
                0x00004a54       0x14 .\CortexM0\ARM_GCC_541\Debug\shutter_controller_v2.a(CyLib.o)
                0x00004a54                CyDelayUs
 .text.CySysClkWriteImoFreq
                0x00004a68      0x164 .\CortexM0\ARM_GCC_541\Debug\shutter_controller_v2.a(CyLib.o)
                0x00004a68                CySysClkWriteImoFreq
 .text.CySysWdtLocked
                0x00004bcc       0x14 .\CortexM0\ARM_GCC_541\Debug\shutter_controller_v2.a(CyLFClk.o)
 .text.CySysWdtLock
                0x00004be0       0x1c .\CortexM0\ARM_GCC_541\Debug\shutter_controller_v2.a(CyLFClk.o)
                0x00004be0                CySysWdtLock
 .text.CySysWdtUnlock
                0x00004bfc       0x30 .\CortexM0\ARM_GCC_541\Debug\shutter_controller_v2.a(CyLFClk.o)
                0x00004bfc                CySysWdtUnlock
 .text.CySysWdtClearInterrupt
                0x00004c2c       0x4c .\CortexM0\ARM_GCC_541\Debug\shutter_controller_v2.a(CyLFClk.o)
                0x00004c2c                CySysWdtClearInterrupt
 .text.CySysWdtIsr
                0x00004c78       0xa4 .\CortexM0\ARM_GCC_541\Debug\shutter_controller_v2.a(CyLFClk.o)
                0x00004c78                CySysWdtIsr
 .text.Timer_1_SetInterruptMode
                0x00004d1c        0xc .\CortexM0\ARM_GCC_541\Debug\shutter_controller_v2.a(Timer_1.o)
                0x00004d1c                Timer_1_SetInterruptMode
 .text.Timer_1_ReadStatusRegister
                0x00004d28        0xc .\CortexM0\ARM_GCC_541\Debug\shutter_controller_v2.a(Timer_1.o)
                0x00004d28                Timer_1_ReadStatusRegister
 .text.Timer_1_WritePeriod
                0x00004d34        0xc .\CortexM0\ARM_GCC_541\Debug\shutter_controller_v2.a(Timer_1.o)
                0x00004d34                Timer_1_WritePeriod
 .text.Timer_1_ReadCapture
                0x00004d40        0xc .\CortexM0\ARM_GCC_541\Debug\shutter_controller_v2.a(Timer_1.o)
                0x00004d40                Timer_1_ReadCapture
 .text.Timer_1_WriteCounter
                0x00004d4c        0xc .\CortexM0\ARM_GCC_541\Debug\shutter_controller_v2.a(Timer_1.o)
                0x00004d4c                Timer_1_WriteCounter
 .text.Timer_1_ClearFIFO
                0x00004d58       0x14 .\CortexM0\ARM_GCC_541\Debug\shutter_controller_v2.a(Timer_1.o)
                0x00004d58                Timer_1_ClearFIFO
 .text.Timer_1_Init
                0x00004d6c       0x38 .\CortexM0\ARM_GCC_541\Debug\shutter_controller_v2.a(Timer_1.o)
                0x00004d6c                Timer_1_Init
 .text.Timer_1_Start
                0x00004da4       0x1c .\CortexM0\ARM_GCC_541\Debug\shutter_controller_v2.a(Timer_1.o)
                0x00004da4                Timer_1_Start
 .text          0x00004dc0       0x24 .\CortexM0\ARM_GCC_541\Debug\shutter_controller_v2.a(CyBootAsmGnu.o)
                0x00004dc0                CyDelayCycles
                0x00004dd4                CyEnterCriticalSection
                0x00004ddc                CyExitCriticalSection
 .text.__errno  0x00004de4        0xc c:/program files (x86)/cypress/psoc creator/4.2/psoc creator/import/gnu/arm/5.4.1/bin/../lib/gcc/arm-none-eabi/5.4.1/../../../../arm-none-eabi/lib/armv6-m\libg_nano.a(lib_a-errno.o)
                0x00004de4                __errno
 .text.__libc_init_array
                0x00004df0       0x4c c:/program files (x86)/cypress/psoc creator/4.2/psoc creator/import/gnu/arm/5.4.1/bin/../lib/gcc/arm-none-eabi/5.4.1/../../../../arm-none-eabi/lib/armv6-m\libg_nano.a(lib_a-init.o)
                0x00004df0                __libc_init_array
 .text.memset   0x00004e3c       0x10 c:/program files (x86)/cypress/psoc creator/4.2/psoc creator/import/gnu/arm/5.4.1/bin/../lib/gcc/arm-none-eabi/5.4.1/../../../../arm-none-eabi/lib/armv6-m\libg_nano.a(lib_a-memset.o)
                0x00004e3c                memset
 *(.plt)
 *(.gnu.warning)
 *(.glue_7t)
 .glue_7t       0x00004e4c        0x0 linker stubs
 *(.glue_7)
 .glue_7        0x00004e4c        0x0 linker stubs
 *(.vfp11_veneer)
 .vfp11_veneer  0x00004e4c        0x0 linker stubs
 *(.bootloader)
 *(.ARM.extab* .gnu.linkonce.armextab.*)
 *(.gcc_except_table)

.v4_bx          0x00004e4c        0x0
 .v4_bx         0x00004e4c        0x0 linker stubs

.iplt           0x00004e4c        0x0
 .iplt          0x00004e4c        0x0 c:/program files (x86)/cypress/psoc creator/4.2/psoc creator/import/gnu/arm/5.4.1/bin/../lib/gcc/arm-none-eabi/5.4.1/armv6-m/crtbegin.o

.eh_frame_hdr
 *(.eh_frame_hdr)

.eh_frame       0x00004e4c        0x4
 *(.eh_frame)
 .eh_frame      0x00004e4c        0x0 c:/program files (x86)/cypress/psoc creator/4.2/psoc creator/import/gnu/arm/5.4.1/bin/../lib/gcc/arm-none-eabi/5.4.1/armv6-m/crtbegin.o
 .eh_frame      0x00004e4c        0x4 c:/program files (x86)/cypress/psoc creator/4.2/psoc creator/import/gnu/arm/5.4.1/bin/../lib/gcc/arm-none-eabi/5.4.1/armv6-m/crtend.o
                [!provide]                PROVIDE (__exidx_start, .)

.ARM.exidx
 *(.ARM.exidx* .gnu.linkonce.armexidx.*)
                0x00004e50                __exidx_end = .

.rodata         0x00004e50      0x2c0
 *(.rodata .rodata.* .gnu.linkonce.r.*)
 .rodata        0x00004e50      0x258 .\CortexM0\ARM_GCC_541\Debug\cyfitter_cfg.o
 .rodata        0x000050a8       0x2e .\CortexM0\ARM_GCC_541\Debug\shutter_controller_v2.a(CyLib.o)
                0x000050a8                cyImoFreqMhz2Reg
 .rodata.str1.1
                0x000050d6        0x2 c:/program files (x86)/cypress/psoc creator/4.2/psoc creator/import/gnu/arm/5.4.1/bin/../lib/gcc/arm-none-eabi/5.4.1/../../../../arm-none-eabi/lib/armv6-m\libg_nano.a(lib_a-impure.o)
                0x000050d8                . = ALIGN (0x4)
 *(.init)
 .init          0x000050d8        0x4 c:/program files (x86)/cypress/psoc creator/4.2/psoc creator/import/gnu/arm/5.4.1/bin/../lib/gcc/arm-none-eabi/5.4.1/armv6-m/crti.o
                0x000050d8                _init
 .init          0x000050dc        0x8 c:/program files (x86)/cypress/psoc creator/4.2/psoc creator/import/gnu/arm/5.4.1/bin/../lib/gcc/arm-none-eabi/5.4.1/armv6-m/crtn.o
                0x000050e4                . = ALIGN (0x4)
                0x000050e4                __preinit_array_start = .
 *(.preinit_array)
                0x000050e4                __preinit_array_end = .
                0x000050e4                . = ALIGN (0x4)
                0x000050e4                __init_array_start = .
 *(SORT(.init_array.*))
 *(.init_array)
 .init_array    0x000050e4        0x4 c:/program files (x86)/cypress/psoc creator/4.2/psoc creator/import/gnu/arm/5.4.1/bin/../lib/gcc/arm-none-eabi/5.4.1/armv6-m/crtbegin.o
 .init_array    0x000050e8        0x4 .\CortexM0\ARM_GCC_541\Debug\Cm0Start.o
                0x000050ec                __init_array_end = .
                0x000050ec                . = ALIGN (0x4)
 *(.fini)
 .fini          0x000050ec        0x4 c:/program files (x86)/cypress/psoc creator/4.2/psoc creator/import/gnu/arm/5.4.1/bin/../lib/gcc/arm-none-eabi/5.4.1/armv6-m/crti.o
                0x000050ec                _fini
 .fini          0x000050f0        0x8 c:/program files (x86)/cypress/psoc creator/4.2/psoc creator/import/gnu/arm/5.4.1/bin/../lib/gcc/arm-none-eabi/5.4.1/armv6-m/crtn.o
                0x000050f8                . = ALIGN (0x4)
                0x000050f8                __fini_array_start = .
 *(.fini_array)
 .fini_array    0x000050f8        0x4 c:/program files (x86)/cypress/psoc creator/4.2/psoc creator/import/gnu/arm/5.4.1/bin/../lib/gcc/arm-none-eabi/5.4.1/armv6-m/crtbegin.o
 *(SORT(.fini_array.*))
                0x000050fc                __fini_array_end = .
                0x000050fc                . = ALIGN (0x4)
 *crtbegin.o(.ctors)
 *(EXCLUDE_FILE(*crtend.o) .ctors)
 *(SORT(.ctors.*))
 *crtend.o(.ctors)
                0x000050fc                . = ALIGN (0x4)
 *crtbegin.o(.dtors)
 *(EXCLUDE_FILE(*crtend.o) .dtors)
 *(SORT(.dtors.*))
 *crtend.o(.dtors)
                0x000050fc                . = ALIGN (0x4)
                0x000050fc                __cy_regions = .
                0x000050fc        0x4 LONG 0x5110 __cy_region_init_ram
                0x00005100        0x4 LONG 0x200000c8 __cy_region_start_data
                0x00005104        0x4 LONG 0x80 __cy_region_init_size_ram
                0x00005108        0x4 LONG 0x48 __cy_region_zero_size_ram
                0x0000510c                __cy_regions_end = .
                0x00005110                . = ALIGN (0x8)
 *fill*         0x0000510c        0x4 
                0x00005110                _etext = .

.ramvectors     0x20000000       0xc0
                0x20000000                __cy_region_start_ram = .
 *(.ramvectors)
 .ramvectors    0x20000000       0xc0 .\CortexM0\ARM_GCC_541\Debug\Cm0Start.o
                0x20000000                CyRamVectors

.btldr_run      0x200000c0        0x4
 *(.bootloaderruntype)
 .bootloaderruntype
                0x200000c0        0x4 .\CortexM0\ARM_GCC_541\Debug\Cm0Start.o
                0x200000c0                cyBtldrRunType

.noinit
 *(.noinit)

.data           0x200000c8       0x80 load address 0x00005110
                0x200000c8                __cy_region_start_data = .
 *(.jcr)
 .jcr           0x200000c8        0x0 c:/program files (x86)/cypress/psoc creator/4.2/psoc creator/import/gnu/arm/5.4.1/bin/../lib/gcc/arm-none-eabi/5.4.1/armv6-m/crtbegin.o
 .jcr           0x200000c8        0x4 c:/program files (x86)/cypress/psoc creator/4.2/psoc creator/import/gnu/arm/5.4.1/bin/../lib/gcc/arm-none-eabi/5.4.1/armv6-m/crtend.o
 *(.got.plt)
 *(.got)
 *(.shdata)
 *(.data .data.* .gnu.linkonce.d.*)
 .data          0x200000cc       0x14 .\CortexM0\ARM_GCC_541\Debug\shutter_controller_v2.a(CyLib.o)
                0x200000cc                CySysClkPumpConfig
                0x200000d0                cydelay32kMs
                0x200000d4                cydelayFreqKhz
                0x200000d8                cydelayFreqMhz
                0x200000dc                cydelayFreqHz
 .data          0x200000e0        0x4 .\CortexM0\ARM_GCC_541\Debug\shutter_controller_v2.a(CyLFClk.o)
 .data.impure_data
                0x200000e4       0x60 c:/program files (x86)/cypress/psoc creator/4.2/psoc creator/import/gnu/arm/5.4.1/bin/../lib/gcc/arm-none-eabi/5.4.1/../../../../arm-none-eabi/lib/armv6-m\libg_nano.a(lib_a-impure.o)
 .data._impure_ptr
                0x20000144        0x4 c:/program files (x86)/cypress/psoc creator/4.2/psoc creator/import/gnu/arm/5.4.1/bin/../lib/gcc/arm-none-eabi/5.4.1/../../../../arm-none-eabi/lib/armv6-m\libg_nano.a(lib_a-impure.o)
                0x20000144                _impure_ptr
                0x20000148                . = ALIGN (0x8)
 *(.ram)
                0x20000148                _edata = .

.igot.plt       0x20000148        0x0 load address 0x00005190
 .igot.plt      0x20000148        0x0 c:/program files (x86)/cypress/psoc creator/4.2/psoc creator/import/gnu/arm/5.4.1/bin/../lib/gcc/arm-none-eabi/5.4.1/armv6-m/crtbegin.o

.bss            0x20000148       0x48 load address 0x00005190
                0x20000148                PROVIDE (__bss_start__, .)
 *(.shbss)
 *(.bss .bss.* .gnu.linkonce.b.*)
 .bss           0x20000148       0x1c c:/program files (x86)/cypress/psoc creator/4.2/psoc creator/import/gnu/arm/5.4.1/bin/../lib/gcc/arm-none-eabi/5.4.1/armv6-m/crtbegin.o
 .bss           0x20000164        0x1 .\CortexM0\ARM_GCC_541\Debug\shutter_controller_v2.a(start_pulse.o)
                0x20000164                start_pulse_initVar
 *fill*         0x20000165        0x3 
 .bss           0x20000168       0x20 .\CortexM0\ARM_GCC_541\Debug\shutter_controller_v2.a(CyLFClk.o)
 .bss           0x20000188        0x1 .\CortexM0\ARM_GCC_541\Debug\shutter_controller_v2.a(Timer_1.o)
                0x20000188                Timer_1_initVar
 *(COMMON)
                0x20000190                . = ALIGN (0x8)
 *fill*         0x20000189        0x7 
 *(.ram.b)
                0x20000190                _end = .
                0x20000190                __end = .
                0x20000190                PROVIDE (end, .)
                0x20000190                PROVIDE (__bss_end__, .)
                0x00005110                __cy_region_init_ram = LOADADDR (.data)
                0x00000080                __cy_region_init_size_ram = (_edata - ADDR (.data))
                0x00000048                __cy_region_zero_size_ram = (_end - _edata)

.heap           0x20000190       0x80 load address 0x00005190
                0x20000190                . = _end
                0x20000210                . = (. + 0x80)
 *fill*         0x20000190       0x80 
                0x20000210                __cy_heap_limit = .

.stack          0x20000c00      0x400
                0x20000c00                __cy_stack_limit = .
                0x20001000                . = (. + 0x400)
 *fill*         0x20000c00      0x400 
                0x00000001                ASSERT ((__cy_stack_limit >= __cy_heap_limit), region RAM overflowed with stack)

.cy_checksum_exclude
                0x00007f80        0x0
 *(.cy_checksum_exclude)
                0x00000000                cy_checksum_exclude_size = (CY_APPL_LOADABLE == 0x1)?SIZEOF (.cy_checksum_exclude):0x0
                0x00000001                ASSERT ((cy_checksum_exclude_size <= CY_CHECKSUM_EXCLUDE_SIZE), CY_BOOT: Section .cy_checksum_exclude size exceedes specified limit.)
                0xf0000000                cyloadermeta_start = (cy_project_type_bootloader || cy_project_type_app_for_stack_and_copier)?(LENGTH (rom) - CY_METADATA_SIZE):0xf0000000

.cyloadermeta   0xf0000000       0x40
 *(.cyloadermeta)
 .cyloadermeta  0xf0000000       0x40 .\CortexM0\ARM_GCC_541\Debug\cybootloader.o
                0xf0000000                cy_meta_loader
                0x00007fc0                cyloadablemeta_start = cy_project_type_app_for_stack_and_copier?((LENGTH (rom) - CY_FLASH_ROW_SIZE) - CY_METADATA_SIZE):((LENGTH (rom) - (CY_FLASH_ROW_SIZE * (CY_APPL_NUM - 0x1))) - CY_METADATA_SIZE)

.cyloadablemeta
                0x00007fc0       0x40
 *(.cyloadablemeta)
 .cyloadablemeta
                0x00007fc0       0x40 .\CortexM0\ARM_GCC_541\Debug\cymetadata.o
                0x00007fc0                cy_meta_loadable

.cyflashprotect
                0x90400000       0x20
 *(.cyflashprotect)
 .cyflashprotect
                0x90400000       0x20 .\CortexM0\ARM_GCC_541\Debug\cybootloader.o
                0x90400000                cy_meta_flashprotect

.cymeta         0x90500000        0xc
 *(.cymeta)
 .cymeta        0x90500000        0xc .\CortexM0\ARM_GCC_541\Debug\cybootloader.o
                0x90500000                cy_metadata

.cychipprotect  0x90600000        0x1
 *(.cychipprotect)
 .cychipprotect
                0x90600000        0x1 .\CortexM0\ARM_GCC_541\Debug\cybootloader.o
                0x90600000                cy_meta_chipprotect

.rel.dyn        0x00008000        0x0 load address 0x90600004
 .rel.iplt      0x00008000        0x0 c:/program files (x86)/cypress/psoc creator/4.2/psoc creator/import/gnu/arm/5.4.1/bin/../lib/gcc/arm-none-eabi/5.4.1/armv6-m/crtbegin.o

.stab
 *(.stab)

.stabstr
 *(.stabstr)

.debug
 *(.debug)

.line
 *(.line)

.debug_srcinfo
 *(.debug_srcinfo)

.debug_sfnames
 *(.debug_sfnames)

.debug_aranges  0x00000000      0x4f0
 *(.debug_aranges)
 .debug_aranges
                0x00000000       0x20 .\CortexM0\ARM_GCC_541\Debug\main.o
 .debug_aranges
                0x00000020       0x38 .\CortexM0\ARM_GCC_541\Debug\cyfitter_cfg.o
 .debug_aranges
                0x00000058       0x18 .\CortexM0\ARM_GCC_541\Debug\cymetadata.o
 .debug_aranges
                0x00000070       0x48 .\CortexM0\ARM_GCC_541\Debug\Cm0Start.o
 .debug_aranges
                0x000000b8       0x18 .\CortexM0\ARM_GCC_541\Debug\cybootloader.o
 .debug_aranges
                0x000000d0       0x88 .\CortexM0\ARM_GCC_541\Debug\shutter_controller_v2.a(start_pulse.o)
 .debug_aranges
                0x00000158       0x40 .\CortexM0\ARM_GCC_541\Debug\shutter_controller_v2.a(microsecond_clock.o)
 .debug_aranges
                0x00000198      0x180 .\CortexM0\ARM_GCC_541\Debug\shutter_controller_v2.a(CyLib.o)
 .debug_aranges
                0x00000318      0x138 .\CortexM0\ARM_GCC_541\Debug\shutter_controller_v2.a(CyLFClk.o)
 .debug_aranges
                0x00000450       0x80 .\CortexM0\ARM_GCC_541\Debug\shutter_controller_v2.a(Timer_1.o)
 .debug_aranges
                0x000004d0       0x20 .\CortexM0\ARM_GCC_541\Debug\shutter_controller_v2.a(CyBootAsmGnu.o)

.debug_pubnames
 *(.debug_pubnames)

.debug_info     0x00000000     0x29a8
 *(.debug_info .gnu.linkonce.wi.*)
 .debug_info    0x00000000       0xe5 .\CortexM0\ARM_GCC_541\Debug\main.o
 .debug_info    0x000000e5      0x3a1 .\CortexM0\ARM_GCC_541\Debug\cyfitter_cfg.o
 .debug_info    0x00000486       0xac .\CortexM0\ARM_GCC_541\Debug\cymetadata.o
 .debug_info    0x00000532      0x3b3 .\CortexM0\ARM_GCC_541\Debug\Cm0Start.o
 .debug_info    0x000008e5      0x153 .\CortexM0\ARM_GCC_541\Debug\cybootloader.o
 .debug_info    0x00000a38      0x2ec .\CortexM0\ARM_GCC_541\Debug\shutter_controller_v2.a(start_pulse.o)
 .debug_info    0x00000d24      0x14e .\CortexM0\ARM_GCC_541\Debug\shutter_controller_v2.a(microsecond_clock.o)
 .debug_info    0x00000e72      0xaec .\CortexM0\ARM_GCC_541\Debug\shutter_controller_v2.a(CyLib.o)
 .debug_info    0x0000195e      0xcfe .\CortexM0\ARM_GCC_541\Debug\shutter_controller_v2.a(CyLFClk.o)
 .debug_info    0x0000265c      0x2aa .\CortexM0\ARM_GCC_541\Debug\shutter_controller_v2.a(Timer_1.o)
 .debug_info    0x00002906       0xa2 .\CortexM0\ARM_GCC_541\Debug\shutter_controller_v2.a(CyBootAsmGnu.o)

.debug_abbrev   0x00000000      0xbb1
 *(.debug_abbrev)
 .debug_abbrev  0x00000000       0x65 .\CortexM0\ARM_GCC_541\Debug\main.o
 .debug_abbrev  0x00000065      0x1a2 .\CortexM0\ARM_GCC_541\Debug\cyfitter_cfg.o
 .debug_abbrev  0x00000207       0x5d .\CortexM0\ARM_GCC_541\Debug\cymetadata.o
 .debug_abbrev  0x00000264      0x1e8 .\CortexM0\ARM_GCC_541\Debug\Cm0Start.o
 .debug_abbrev  0x0000044c       0x77 .\CortexM0\ARM_GCC_541\Debug\cybootloader.o
 .debug_abbrev  0x000004c3      0x108 .\CortexM0\ARM_GCC_541\Debug\shutter_controller_v2.a(start_pulse.o)
 .debug_abbrev  0x000005cb       0xb7 .\CortexM0\ARM_GCC_541\Debug\shutter_controller_v2.a(microsecond_clock.o)
 .debug_abbrev  0x00000682      0x1e0 .\CortexM0\ARM_GCC_541\Debug\shutter_controller_v2.a(CyLib.o)
 .debug_abbrev  0x00000862      0x210 .\CortexM0\ARM_GCC_541\Debug\shutter_controller_v2.a(CyLFClk.o)
 .debug_abbrev  0x00000a72      0x12b .\CortexM0\ARM_GCC_541\Debug\shutter_controller_v2.a(Timer_1.o)
 .debug_abbrev  0x00000b9d       0x14 .\CortexM0\ARM_GCC_541\Debug\shutter_controller_v2.a(CyBootAsmGnu.o)

.debug_line     0x00000000     0x1267
 *(.debug_line)
 .debug_line    0x00000000       0x86 .\CortexM0\ARM_GCC_541\Debug\main.o
 .debug_line    0x00000086      0x169 .\CortexM0\ARM_GCC_541\Debug\cyfitter_cfg.o
 .debug_line    0x000001ef      0x141 .\CortexM0\ARM_GCC_541\Debug\cymetadata.o
 .debug_line    0x00000330      0x238 .\CortexM0\ARM_GCC_541\Debug\Cm0Start.o
 .debug_line    0x00000568       0x53 .\CortexM0\ARM_GCC_541\Debug\cybootloader.o
 .debug_line    0x000005bb      0x170 .\CortexM0\ARM_GCC_541\Debug\shutter_controller_v2.a(start_pulse.o)
 .debug_line    0x0000072b       0xb7 .\CortexM0\ARM_GCC_541\Debug\shutter_controller_v2.a(microsecond_clock.o)
 .debug_line    0x000007e2      0x460 .\CortexM0\ARM_GCC_541\Debug\shutter_controller_v2.a(CyLib.o)
 .debug_line    0x00000c42      0x466 .\CortexM0\ARM_GCC_541\Debug\shutter_controller_v2.a(CyLFClk.o)
 .debug_line    0x000010a8      0x156 .\CortexM0\ARM_GCC_541\Debug\shutter_controller_v2.a(Timer_1.o)
 .debug_line    0x000011fe       0x69 .\CortexM0\ARM_GCC_541\Debug\shutter_controller_v2.a(CyBootAsmGnu.o)

.debug_frame    0x00000000      0xc2c
 *(.debug_frame)
 .debug_frame   0x00000000       0x2c .\CortexM0\ARM_GCC_541\Debug\main.o
 .debug_frame   0x0000002c       0x8c .\CortexM0\ARM_GCC_541\Debug\cyfitter_cfg.o
 .debug_frame   0x000000b8       0xbc .\CortexM0\ARM_GCC_541\Debug\Cm0Start.o
 .debug_frame   0x00000174      0x118 .\CortexM0\ARM_GCC_541\Debug\shutter_controller_v2.a(start_pulse.o)
 .debug_frame   0x0000028c       0x60 .\CortexM0\ARM_GCC_541\Debug\shutter_controller_v2.a(microsecond_clock.o)
 .debug_frame   0x000002ec      0x3e0 .\CortexM0\ARM_GCC_541\Debug\shutter_controller_v2.a(CyLib.o)
 .debug_frame   0x000006cc      0x3a8 .\CortexM0\ARM_GCC_541\Debug\shutter_controller_v2.a(CyLFClk.o)
 .debug_frame   0x00000a74      0x104 .\CortexM0\ARM_GCC_541\Debug\shutter_controller_v2.a(Timer_1.o)
 .debug_frame   0x00000b78       0x20 c:/program files (x86)/cypress/psoc creator/4.2/psoc creator/import/gnu/arm/5.4.1/bin/../lib/gcc/arm-none-eabi/5.4.1/armv6-m\libgcc.a(_udivsi3.o)
 .debug_frame   0x00000b98       0x20 c:/program files (x86)/cypress/psoc creator/4.2/psoc creator/import/gnu/arm/5.4.1/bin/../lib/gcc/arm-none-eabi/5.4.1/../../../../arm-none-eabi/lib/armv6-m\libg_nano.a(lib_a-errno.o)
 .debug_frame   0x00000bb8       0x28 c:/program files (x86)/cypress/psoc creator/4.2/psoc creator/import/gnu/arm/5.4.1/bin/../lib/gcc/arm-none-eabi/5.4.1/../../../../arm-none-eabi/lib/armv6-m\libg_nano.a(lib_a-exit.o)
 .debug_frame   0x00000be0       0x2c c:/program files (x86)/cypress/psoc creator/4.2/psoc creator/import/gnu/arm/5.4.1/bin/../lib/gcc/arm-none-eabi/5.4.1/../../../../arm-none-eabi/lib/armv6-m\libg_nano.a(lib_a-init.o)
 .debug_frame   0x00000c0c       0x20 c:/program files (x86)/cypress/psoc creator/4.2/psoc creator/import/gnu/arm/5.4.1/bin/../lib/gcc/arm-none-eabi/5.4.1/../../../../arm-none-eabi/lib/armv6-m\libg_nano.a(lib_a-memset.o)

.debug_str      0x00000000     0x12a0
 *(.debug_str)
 .debug_str     0x00000000      0x191 .\CortexM0\ARM_GCC_541\Debug\main.o
                                0x1d1 (size before relaxing)
 .debug_str     0x00000191      0x127 .\CortexM0\ARM_GCC_541\Debug\cyfitter_cfg.o
                                0x2d7 (size before relaxing)
 .debug_str     0x000002b8       0x6d .\CortexM0\ARM_GCC_541\Debug\cymetadata.o
                                0x190 (size before relaxing)
 .debug_str     0x00000325      0x149 .\CortexM0\ARM_GCC_541\Debug\Cm0Start.o
                                0x322 (size before relaxing)
 .debug_str     0x0000046e       0x78 .\CortexM0\ARM_GCC_541\Debug\cybootloader.o
                                0x1ff (size before relaxing)
 .debug_str     0x000004e6      0x1dc .\CortexM0\ARM_GCC_541\Debug\shutter_controller_v2.a(start_pulse.o)
                                0x38d (size before relaxing)
 .debug_str     0x000006c2       0xed .\CortexM0\ARM_GCC_541\Debug\shutter_controller_v2.a(microsecond_clock.o)
                                0x297 (size before relaxing)
 .debug_str     0x000007af      0x48e .\CortexM0\ARM_GCC_541\Debug\shutter_controller_v2.a(CyLib.o)
                                0x6c8 (size before relaxing)
 .debug_str     0x00000c3d      0x530 .\CortexM0\ARM_GCC_541\Debug\shutter_controller_v2.a(CyLFClk.o)
                                0x74f (size before relaxing)
 .debug_str     0x0000116d      0x133 .\CortexM0\ARM_GCC_541\Debug\shutter_controller_v2.a(Timer_1.o)
                                0x330 (size before relaxing)

.debug_loc      0x00000000     0x11ee
 *(.debug_loc)
 .debug_loc     0x00000000      0x118 .\CortexM0\ARM_GCC_541\Debug\cyfitter_cfg.o
 .debug_loc     0x00000118      0x14f .\CortexM0\ARM_GCC_541\Debug\Cm0Start.o
 .debug_loc     0x00000267       0x13 .\CortexM0\ARM_GCC_541\Debug\shutter_controller_v2.a(start_pulse.o)
 .debug_loc     0x0000027a       0x13 .\CortexM0\ARM_GCC_541\Debug\shutter_controller_v2.a(microsecond_clock.o)
 .debug_loc     0x0000028d      0x599 .\CortexM0\ARM_GCC_541\Debug\shutter_controller_v2.a(CyLib.o)
 .debug_loc     0x00000826      0x9b5 .\CortexM0\ARM_GCC_541\Debug\shutter_controller_v2.a(CyLFClk.o)
 .debug_loc     0x000011db       0x13 .\CortexM0\ARM_GCC_541\Debug\shutter_controller_v2.a(Timer_1.o)

.debug_macinfo
 *(.debug_macinfo)

.debug_ranges   0x00000000      0x420
 *(.debug_ranges)
 .debug_ranges  0x00000000       0x10 .\CortexM0\ARM_GCC_541\Debug\main.o
 .debug_ranges  0x00000010       0x28 .\CortexM0\ARM_GCC_541\Debug\cyfitter_cfg.o
 .debug_ranges  0x00000038       0x38 .\CortexM0\ARM_GCC_541\Debug\Cm0Start.o
 .debug_ranges  0x00000070       0x78 .\CortexM0\ARM_GCC_541\Debug\shutter_controller_v2.a(start_pulse.o)
 .debug_ranges  0x000000e8       0x30 .\CortexM0\ARM_GCC_541\Debug\shutter_controller_v2.a(microsecond_clock.o)
 .debug_ranges  0x00000118      0x170 .\CortexM0\ARM_GCC_541\Debug\shutter_controller_v2.a(CyLib.o)
 .debug_ranges  0x00000288      0x128 .\CortexM0\ARM_GCC_541\Debug\shutter_controller_v2.a(CyLFClk.o)
 .debug_ranges  0x000003b0       0x70 .\CortexM0\ARM_GCC_541\Debug\shutter_controller_v2.a(Timer_1.o)

.comment        0x00000000       0x6e
 .comment       0x00000000       0x6e .\CortexM0\ARM_GCC_541\Debug\main.o
                                 0x6f (size before relaxing)
 .comment       0x0000006e       0x6f .\CortexM0\ARM_GCC_541\Debug\cyfitter_cfg.o
 .comment       0x0000006e       0x6f .\CortexM0\ARM_GCC_541\Debug\cymetadata.o
 .comment       0x0000006e       0x6f .\CortexM0\ARM_GCC_541\Debug\Cm0Start.o
 .comment       0x0000006e       0x6f .\CortexM0\ARM_GCC_541\Debug\cybootloader.o
 .comment       0x0000006e       0x6f .\CortexM0\ARM_GCC_541\Debug\shutter_controller_v2.a(start_pulse.o)
 .comment       0x0000006e       0x6f .\CortexM0\ARM_GCC_541\Debug\shutter_controller_v2.a(microsecond_clock.o)
 .comment       0x0000006e       0x6f .\CortexM0\ARM_GCC_541\Debug\shutter_controller_v2.a(CyLib.o)
 .comment       0x0000006e       0x6f .\CortexM0\ARM_GCC_541\Debug\shutter_controller_v2.a(CyLFClk.o)
 .comment       0x0000006e       0x6f .\CortexM0\ARM_GCC_541\Debug\shutter_controller_v2.a(Timer_1.o)

.debug_weaknames
 *(.debug_weaknames)

.debug_funcnames
 *(.debug_funcnames)

.debug_typenames
 *(.debug_typenames)

.debug_varnames
 *(.debug_varnames)

.note.gnu.arm.ident
 *(.note.gnu.arm.ident)

.ARM.attributes
                0x00000000       0x28
 *(.ARM.attributes)
 .ARM.attributes
                0x00000000       0x1e c:/program files (x86)/cypress/psoc creator/4.2/psoc creator/import/gnu/arm/5.4.1/bin/../lib/gcc/arm-none-eabi/5.4.1/armv6-m/crti.o
 .ARM.attributes
                0x0000001e       0x2c c:/program files (x86)/cypress/psoc creator/4.2/psoc creator/import/gnu/arm/5.4.1/bin/../lib/gcc/arm-none-eabi/5.4.1/armv6-m/crtbegin.o
 .ARM.attributes
                0x0000004a       0x1b c:/program files (x86)/cypress/psoc creator/4.2/psoc creator/import/gnu/arm/5.4.1/bin/../lib/gcc/arm-none-eabi/5.4.1/../../../../arm-none-eabi/lib/armv6-m/crt0.o
 .ARM.attributes
                0x00000065       0x31 .\CortexM0\ARM_GCC_541\Debug\main.o
 .ARM.attributes
                0x00000096       0x31 .\CortexM0\ARM_GCC_541\Debug\cyfitter_cfg.o
 .ARM.attributes
                0x000000c7       0x31 .\CortexM0\ARM_GCC_541\Debug\cymetadata.o
 .ARM.attributes
                0x000000f8       0x31 .\CortexM0\ARM_GCC_541\Debug\Cm0Start.o
 .ARM.attributes
                0x00000129       0x31 .\CortexM0\ARM_GCC_541\Debug\cybootloader.o
 .ARM.attributes
                0x0000015a       0x31 .\CortexM0\ARM_GCC_541\Debug\shutter_controller_v2.a(start_pulse.o)
 .ARM.attributes
                0x0000018b       0x31 .\CortexM0\ARM_GCC_541\Debug\shutter_controller_v2.a(microsecond_clock.o)
 .ARM.attributes
                0x000001bc       0x31 .\CortexM0\ARM_GCC_541\Debug\shutter_controller_v2.a(CyLib.o)
 .ARM.attributes
                0x000001ed       0x31 .\CortexM0\ARM_GCC_541\Debug\shutter_controller_v2.a(CyLFClk.o)
 .ARM.attributes
                0x0000021e       0x31 .\CortexM0\ARM_GCC_541\Debug\shutter_controller_v2.a(Timer_1.o)
 .ARM.attributes
                0x0000024f       0x21 .\CortexM0\ARM_GCC_541\Debug\shutter_controller_v2.a(CyBootAsmGnu.o)
 .ARM.attributes
                0x00000270       0x1e c:/program files (x86)/cypress/psoc creator/4.2/psoc creator/import/gnu/arm/5.4.1/bin/../lib/gcc/arm-none-eabi/5.4.1/armv6-m\libgcc.a(_udivsi3.o)
 .ARM.attributes
                0x0000028e       0x1e c:/program files (x86)/cypress/psoc creator/4.2/psoc creator/import/gnu/arm/5.4.1/bin/../lib/gcc/arm-none-eabi/5.4.1/armv6-m\libgcc.a(_dvmd_tls.o)
 .ARM.attributes
                0x000002ac       0x2c c:/program files (x86)/cypress/psoc creator/4.2/psoc creator/import/gnu/arm/5.4.1/bin/../lib/gcc/arm-none-eabi/5.4.1/../../../../arm-none-eabi/lib/armv6-m\libg_nano.a(lib_a-errno.o)
 .ARM.attributes
                0x000002d8       0x2c c:/program files (x86)/cypress/psoc creator/4.2/psoc creator/import/gnu/arm/5.4.1/bin/../lib/gcc/arm-none-eabi/5.4.1/../../../../arm-none-eabi/lib/armv6-m\libg_nano.a(lib_a-exit.o)
 .ARM.attributes
                0x00000304       0x2c c:/program files (x86)/cypress/psoc creator/4.2/psoc creator/import/gnu/arm/5.4.1/bin/../lib/gcc/arm-none-eabi/5.4.1/../../../../arm-none-eabi/lib/armv6-m\libg_nano.a(lib_a-impure.o)
 .ARM.attributes
                0x00000330       0x2c c:/program files (x86)/cypress/psoc creator/4.2/psoc creator/import/gnu/arm/5.4.1/bin/../lib/gcc/arm-none-eabi/5.4.1/../../../../arm-none-eabi/lib/armv6-m\libg_nano.a(lib_a-init.o)
 .ARM.attributes
                0x0000035c       0x2c c:/program files (x86)/cypress/psoc creator/4.2/psoc creator/import/gnu/arm/5.4.1/bin/../lib/gcc/arm-none-eabi/5.4.1/../../../../arm-none-eabi/lib/armv6-m\libg_nano.a(lib_a-memset.o)
 .ARM.attributes
                0x00000388       0x2c c:/program files (x86)/cypress/psoc creator/4.2/psoc creator/import/gnu/arm/5.4.1/bin/../lib/gcc/arm-none-eabi/5.4.1/armv6-m/crtend.o
 .ARM.attributes
                0x000003b4       0x1e c:/program files (x86)/cypress/psoc creator/4.2/psoc creator/import/gnu/arm/5.4.1/bin/../lib/gcc/arm-none-eabi/5.4.1/armv6-m/crtn.o

/DISCARD/
 *(.note.GNU-stack)
OUTPUT(C:\Users\Physlab121\Desktop\Joseph\Kicad\shutter_driver\shutter_controller_v2.cydsn\CortexM0\ARM_GCC_541\Debug\shutter_controller_v2.elf elf32-littlearm)
